{"schema":"sessionio.reader/v1","producer":{"name":"sessionio","version":"0.0.0-test"},"records":[{"kind":"session","session":{"id":"session-golden","native_id":"native-session-golden","discovery_revision":"discovery-session-golden","native":{},"occurrence":{"id":"occurrence-session-golden","source_id":"source-codex","harness":"codex","locator":{"kind":"file","file":{"root":"test-root","path":"sessions/session-golden"}}},"started_at":"2026-07-25T10:00:00Z"}}]}
